// Jest Snapshot v1, https://goo.gl/fbAQLP

exports[`image_option component renders a snapshot 1`] = `
<div
  className="au-c-image-sequence-answer is-active"
  onClick={[Function]}
  tabIndex="0"
>
  <div
    className="au-c-image-sequence-answer__top"
  >
    <div
      className="au-c-dropdown au-c-dropdown--tiny "
    >
      <label
        htmlFor="image_option_order"
      />
      <select
        id="image_option_order"
        name=""
        onChange={[Function]}
        value={undefined}
      >
        <option
          value={null}
        >
          N/A
        </option>
        <option
          value={1}
        >
          1
        </option>
      </select>
    </div>
    <button
      className="au-c-answer--delete au-u-right"
      onClick={[Function]}
    >
      <i
        className="material-icons"
      >
        close
      </i>
    </button>
  </div>
  <div
    className="au-c-input au-c-input-label--left"
  >
    <label
      htmlFor="label_undefined"
    >
      Label
    </label>
    <div
      className="au-c-input__contain"
    >
      <input
        className="au-c-text-input au-c-text-input--smaller"
        defaultValue={undefined}
        id="label_undefined"
        onBlur={[Function]}
        type="text"
      />
      <div
        className="au-c-input__bottom"
      />
    </div>
  </div>
  <div
    className="au-c-image-sequence-answer__image"
  >
    <img
      alt=""
      src="sample_text"
    />
  </div>
</div>
`;
